// Jest Snapshot v1, https://goo.gl/fbAQLP

exports[`featureCardConfig should match the expected structure (snapshot) 1`] = `
Object {
  "expect": Object {
    "contents": ArrayContaining [
      ObjectContaining {
        "id": Any<String>,
      },
    ],
    "title": "What You Can Expect",
  },
  "features": Object {
    "contents": ArrayContaining [
      ObjectContaining {
        "id": Any<String>,
      },
    ],
    "title": "Features of VoteNow",
  },
}
`;
